2025-03-10T22:36:48 | touched: contracts/Infuraapi.sol
2025-08-04T12:49:22 | touched: contracts/Infuraapi.sol
2025-12-29T06:17:39 | touched: LICENSE
2025-08-17T01:11:53 | touched: scripts/deploy.js
2025-05-20T10:32:16 | touched: scripts/deploy.js
2025-12-09T02:47:49 | touched: .env.example
2025-01-08T10:47:36 | touched: test/Infuraapi.test.js
2025-09-04T15:46:17 | touched: package.json
2025-03-31T09:02:20 | touched: test/Infuraapi.test.js
2025-05-14T20:39:09 | touched: scripts/deploy.js
2025-07-24T17:47:47 | touched: scripts/deploy.js
2025-06-08T19:36:37 | touched: LICENSE
2025-09-01T09:52:50 | touched: README.md
2025-09-04T12:22:34 | touched: README.md
2025-01-27T14:29:27 | touched: scripts/deploy.js
2025-07-08T03:47:06 | touched: .env.example
2025-04-16T17:30:53 | touched: README.md
2025-05-25T11:11:58 | touched: .env.example
2025-11-17T03:32:31 | touched: package.json
2025-01-06T08:15:22 | touched: LICENSE
2025-04-14T14:22:21 | touched: package.json
2025-02-23T05:18:48 | touched: LICENSE
2025-08-02T15:38:59 | touched: package.json
2025-10-13T13:34:19 | touched: .env.example
2025-08-02T17:39:35 | touched: LICENSE
2025-05-19T18:36:59 | touched: hardhat.config.js
2025-07-10T03:00:57 | touched: contracts/Infuraapi.sol
2025-04-16T20:10:59 | touched: contracts/Infuraapi.sol
2025-06-12T07:31:25 | touched: contracts/Infuraapi.sol
2025-01-03T03:52:37 | touched: package.json
2025-10-24T23:54:19 | touched: README.md
2025-02-08T13:37:40 | touched: test/Infuraapi.test.js
2025-10-01T18:40:09 | touched: package.json
2025-09-12T15:59:08 | touched: package.json
2025-05-04T13:32:27 | touched: package.json
2025-05-29T05:29:58 | touched: hardhat.config.js
2025-06-24T02:33:16 | touched: test/Infuraapi.test.js
2025-03-17T14:29:01 | touched: .env.example
2025-05-08T19:05:47 | touched: scripts/deploy.js
2025-01-09T11:31:58 | touched: .env.example
2025-07-19T02:25:44 | touched: package.json
